--
-- Example 3: lateral join
--
-- A self-contained test case that builds its own tables and runs a query with
-- a chain of LATERAL subqueries layered over an outer join: subquery "s"
-- references the nullable side of a LEFT JOIN, subquery "u" references "s", and
-- "u" is finally tied back to the preserved side.  These lateral dependencies,
-- combined with the outer join, make every contiguous (window = 0) split of the
-- IKKBZ linear order an illegal join, so the pure-interval DP cannot build the
-- top join relation and the module falls back to standard_join_search() for the
-- component, which still returns a correct plan.
--
-- (The "OFFSET 0" optimization fences keep the subqueries from being pulled up
-- into the parent query, preserving the laterality.)
--
-- The test verifies that, despite engaging the fallback, the LinDP++ search
-- returns exactly the same rows the standard dynamic-programming join search
-- would.
--
LOAD 'lindp2';
-- Make the search engage on modestly sized joins and stay deterministic.
SET lindp2.enabled = on;
SET lindp2.fallback = false;
SET lindp2.min_threshold = 3;
SET lindp2.max_threshold = 100;
SET lindp2.window_size = 0;
SET lindp2.adaptive = off;
SET lindp2.seeds = 1;
SET geqo = off;
CREATE TABLE ex3_t1 (id int, k int, v int);
CREATE TABLE ex3_t2 (id int, k int, v int);
CREATE TABLE ex3_s  (id int, k int, v int);
CREATE TABLE ex3_u  (id int, k int, v int);
INSERT INTO ex3_t1 SELECT g, g % 10, g FROM generate_series(0, 49) g;
INSERT INTO ex3_t2 SELECT g, g % 10, g FROM generate_series(0, 49) g;
INSERT INTO ex3_s  SELECT g, g % 10, g FROM generate_series(0, 49) g;
INSERT INTO ex3_u  SELECT g, g % 10, g FROM generate_series(0, 49) g;
ANALYZE ex3_t1, ex3_t2, ex3_s, ex3_u;
-- The example query: a LEFT JOIN feeding a chain of two LATERAL subqueries.
EXPLAIN (COSTS OFF)
SELECT ex3_t1.id AS t1, ex3_t2.id AS t2, s.id AS s, u.id AS u
FROM ex3_t1
    LEFT JOIN ex3_t2 ON ex3_t2.id = ex3_t1.id,
    LATERAL (SELECT x.id, x.k FROM ex3_s x
             WHERE x.v = ex3_t2.v OFFSET 0) s,
    LATERAL (SELECT y.id FROM ex3_u y
             WHERE y.v = s.k OFFSET 0) u
WHERE u.id = ex3_t1.id AND s.id = ex3_t1.id;
ERROR:  LinDP linearization failed to find a valid plan (4 rels)
-- Show a deterministic slice of the actual result for illustration.
EXPLAIN (COSTS OFF)
SELECT ex3_t1.id AS t1, ex3_t2.id AS t2, s.id AS s, u.id AS u
FROM ex3_t1
    LEFT JOIN ex3_t2 ON ex3_t2.id = ex3_t1.id,
    LATERAL (SELECT x.id, x.k FROM ex3_s x
             WHERE x.v = ex3_t2.v OFFSET 0) s,
    LATERAL (SELECT y.id FROM ex3_u y
             WHERE y.v = s.k OFFSET 0) u
WHERE u.id = ex3_t1.id AND s.id = ex3_t1.id
ORDER BY t1
LIMIT 5;
ERROR:  LinDP linearization failed to find a valid plan (4 rels)
DROP TABLE ex3_t1, ex3_t2, ex3_s, ex3_u;
