CREATE TABLE t1 (a1 INT, a2 INT, a3 INT);
CREATE TABLE t2 (b1 INT, b2 INT, b3 INT);
INSERT INTO t1 SELECT mod(i, 31), mod(i, 47), mod(i * 7121, 1000) FROM generate_series(1,10000) s(i);
INSERT INTO t2 SELECT mod(i, 37), mod(i, 41), mod(i * 5443, 1000) FROM generate_series(1,10000) s(i);
VACUUM ANALYZE t1;
VACUUM ANALYZE t2;
LOAD 'gjoin';
SET gjoin.enabled = true;
EXPLAIN (VERBOSE, COSTS OFF, BUFFERS OFF) SELECT * FROM t1 JOIN t2 ON (t1.a1 = t2.b1 AND t1.a2 = t2.b2);
                     QUERY PLAN                     
----------------------------------------------------
 Custom Join (GJoin) Join
   Output: t1.a1, t1.a2, t1.a3, t2.b1, t2.b2, t2.b3
   Join Cond: (t1.a1 = t2.b1), (t1.a2 = t2.b2)
   Runs: inner=0 outer=0
   Memory: inner=0 outer=0
   ->  Seq Scan on public.t1
         Output: t1.a1, t1.a2, t1.a3
   ->  Seq Scan on public.t2
         Output: t2.b1, t2.b2, t2.b3
(9 rows)

EXPLAIN (VERBOSE, ANALYZE, COSTS OFF, TIMING OFF, BUFFERS OFF, SUMMARY OFF) SELECT * FROM t1 JOIN t2 ON (t1.a1 = t2.b1 AND t1.a2 = t2.b2) LIMIT 100;
                            QUERY PLAN                            
------------------------------------------------------------------
 Limit (actual rows=100.00 loops=1)
   Output: t1.a1, t1.a2, t1.a3, t2.b1, t2.b2, t2.b3
   ->  Custom Join (GJoin) Join (actual rows=100.00 loops=1)
         Output: t1.a1, t1.a2, t1.a3, t2.b1, t2.b2, t2.b3
         Join Cond: (t1.a1 = t2.b1), (t1.a2 = t2.b2)
         Runs: inner=1 outer=1
         Memory: inner=1 outer=1
         ->  Seq Scan on public.t1 (actual rows=10000.00 loops=1)
               Output: t1.a1, t1.a2, t1.a3
         ->  Seq Scan on public.t2 (actual rows=10000.00 loops=1)
               Output: t2.b1, t2.b2, t2.b3
(11 rows)

EXPLAIN (VERBOSE, ANALYZE, COSTS OFF, TIMING OFF, BUFFERS OFF, SUMMARY OFF) SELECT * FROM t1 JOIN t2 ON (t1.a1 = t2.b1 AND t1.a2 = t2.b2) LIMIT 200;
                            QUERY PLAN                            
------------------------------------------------------------------
 Limit (actual rows=200.00 loops=1)
   Output: t1.a1, t1.a2, t1.a3, t2.b1, t2.b2, t2.b3
   ->  Custom Join (GJoin) Join (actual rows=200.00 loops=1)
         Output: t1.a1, t1.a2, t1.a3, t2.b1, t2.b2, t2.b3
         Join Cond: (t1.a1 = t2.b1), (t1.a2 = t2.b2)
         Runs: inner=1 outer=1
         Memory: inner=1 outer=1
         ->  Seq Scan on public.t1 (actual rows=10000.00 loops=1)
               Output: t1.a1, t1.a2, t1.a3
         ->  Seq Scan on public.t2 (actual rows=10000.00 loops=1)
               Output: t2.b1, t2.b2, t2.b3
(11 rows)

EXPLAIN (VERBOSE, ANALYZE, COSTS OFF, TIMING OFF, BUFFERS OFF, SUMMARY OFF) SELECT * FROM t1 JOIN t2 ON (t1.a1 = t2.b1 AND t1.a2 = t2.b2) LIMIT 500;
                            QUERY PLAN                            
------------------------------------------------------------------
 Limit (actual rows=500.00 loops=1)
   Output: t1.a1, t1.a2, t1.a3, t2.b1, t2.b2, t2.b3
   ->  Custom Join (GJoin) Join (actual rows=500.00 loops=1)
         Output: t1.a1, t1.a2, t1.a3, t2.b1, t2.b2, t2.b3
         Join Cond: (t1.a1 = t2.b1), (t1.a2 = t2.b2)
         Runs: inner=1 outer=1
         Memory: inner=1 outer=1
         ->  Seq Scan on public.t1 (actual rows=10000.00 loops=1)
               Output: t1.a1, t1.a2, t1.a3
         ->  Seq Scan on public.t2 (actual rows=10000.00 loops=1)
               Output: t2.b1, t2.b2, t2.b3
(11 rows)

EXPLAIN (VERBOSE, ANALYZE, COSTS OFF, TIMING OFF, BUFFERS OFF, SUMMARY OFF) SELECT * FROM t1 JOIN t2 ON (t1.a1 = t2.b1 AND t1.a2 = t2.b2) LIMIT 1000;
                            QUERY PLAN                            
------------------------------------------------------------------
 Limit (actual rows=1000.00 loops=1)
   Output: t1.a1, t1.a2, t1.a3, t2.b1, t2.b2, t2.b3
   ->  Custom Join (GJoin) Join (actual rows=1000.00 loops=1)
         Output: t1.a1, t1.a2, t1.a3, t2.b1, t2.b2, t2.b3
         Join Cond: (t1.a1 = t2.b1), (t1.a2 = t2.b2)
         Runs: inner=1 outer=1
         Memory: inner=1 outer=1
         ->  Seq Scan on public.t1 (actual rows=10000.00 loops=1)
               Output: t1.a1, t1.a2, t1.a3
         ->  Seq Scan on public.t2 (actual rows=10000.00 loops=1)
               Output: t2.b1, t2.b2, t2.b3
(11 rows)

EXPLAIN (VERBOSE, ANALYZE, COSTS OFF, TIMING OFF, BUFFERS OFF, SUMMARY OFF) SELECT * FROM t1 JOIN t2 ON (t1.a1 = t2.b1 AND t1.a2 = t2.b2) LIMIT 5000;
                            QUERY PLAN                            
------------------------------------------------------------------
 Limit (actual rows=5000.00 loops=1)
   Output: t1.a1, t1.a2, t1.a3, t2.b1, t2.b2, t2.b3
   ->  Custom Join (GJoin) Join (actual rows=5000.00 loops=1)
         Output: t1.a1, t1.a2, t1.a3, t2.b1, t2.b2, t2.b3
         Join Cond: (t1.a1 = t2.b1), (t1.a2 = t2.b2)
         Runs: inner=1 outer=1
         Memory: inner=1 outer=1
         ->  Seq Scan on public.t1 (actual rows=10000.00 loops=1)
               Output: t1.a1, t1.a2, t1.a3
         ->  Seq Scan on public.t2 (actual rows=10000.00 loops=1)
               Output: t2.b1, t2.b2, t2.b3
(11 rows)

EXPLAIN (VERBOSE, ANALYZE, COSTS OFF, TIMING OFF, BUFFERS OFF, SUMMARY OFF) SELECT * FROM t1 JOIN t2 ON (t1.a1 = t2.b1 AND t1.a2 = t2.b2) LIMIT 10000;
                            QUERY PLAN                            
------------------------------------------------------------------
 Limit (actual rows=10000.00 loops=1)
   Output: t1.a1, t1.a2, t1.a3, t2.b1, t2.b2, t2.b3
   ->  Custom Join (GJoin) Join (actual rows=10000.00 loops=1)
         Output: t1.a1, t1.a2, t1.a3, t2.b1, t2.b2, t2.b3
         Join Cond: (t1.a1 = t2.b1), (t1.a2 = t2.b2)
         Runs: inner=1 outer=1
         Memory: inner=1 outer=1
         ->  Seq Scan on public.t1 (actual rows=10000.00 loops=1)
               Output: t1.a1, t1.a2, t1.a3
         ->  Seq Scan on public.t2 (actual rows=10000.00 loops=1)
               Output: t2.b1, t2.b2, t2.b3
(11 rows)

EXPLAIN (VERBOSE, ANALYZE, COSTS OFF, TIMING OFF, BUFFERS OFF, SUMMARY OFF) SELECT * FROM t1 JOIN t2 ON (t1.a1 = t2.b1 AND t1.a2 = t2.b2);
                         QUERY PLAN                         
------------------------------------------------------------
 Custom Join (GJoin) Join (actual rows=57532.00 loops=1)
   Output: t1.a1, t1.a2, t1.a3, t2.b1, t2.b2, t2.b3
   Join Cond: (t1.a1 = t2.b1), (t1.a2 = t2.b2)
   Runs: inner=1 outer=1
   Memory: inner=1 outer=1
   ->  Seq Scan on public.t1 (actual rows=10000.00 loops=1)
         Output: t1.a1, t1.a2, t1.a3
   ->  Seq Scan on public.t2 (actual rows=10000.00 loops=1)
         Output: t2.b1, t2.b2, t2.b3
(9 rows)

EXPLAIN (VERBOSE, COSTS OFF, BUFFERS OFF) SELECT * FROM t1 JOIN t2 ON (t1.a1 = t2.b1 AND t1.a2 = t2.b2 AND mod(t1.a3 + t2.b3, 10) < 5);
                     QUERY PLAN                     
----------------------------------------------------
 Custom Join (GJoin) Join
   Output: t1.a1, t1.a2, t1.a3, t2.b1, t2.b2, t2.b3
   Filter: (mod((t1.a3 + t2.b3), 10) < 5)
   Join Cond: (t1.a1 = t2.b1), (t1.a2 = t2.b2)
   Runs: inner=0 outer=0
   Memory: inner=0 outer=0
   ->  Seq Scan on public.t1
         Output: t1.a1, t1.a2, t1.a3
   ->  Seq Scan on public.t2
         Output: t2.b1, t2.b2, t2.b3
(10 rows)

EXPLAIN (VERBOSE, ANALYZE, COSTS OFF, TIMING OFF, BUFFERS OFF, SUMMARY OFF) SELECT * FROM t1 JOIN t2 ON (t1.a1 = t2.b1 AND t1.a2 = t2.b2 AND mod(t1.a3 + t2.b3, 10) < 5) LIMIT 100;
                            QUERY PLAN                            
------------------------------------------------------------------
 Limit (actual rows=100.00 loops=1)
   Output: t1.a1, t1.a2, t1.a3, t2.b1, t2.b2, t2.b3
   ->  Custom Join (GJoin) Join (actual rows=100.00 loops=1)
         Output: t1.a1, t1.a2, t1.a3, t2.b1, t2.b2, t2.b3
         Filter: (mod((t1.a3 + t2.b3), 10) < 5)
         Join Cond: (t1.a1 = t2.b1), (t1.a2 = t2.b2)
         Runs: inner=1 outer=1
         Memory: inner=1 outer=1
         ->  Seq Scan on public.t1 (actual rows=10000.00 loops=1)
               Output: t1.a1, t1.a2, t1.a3
         ->  Seq Scan on public.t2 (actual rows=10000.00 loops=1)
               Output: t2.b1, t2.b2, t2.b3
(12 rows)

EXPLAIN (VERBOSE, ANALYZE, COSTS OFF, TIMING OFF, BUFFERS OFF, SUMMARY OFF) SELECT * FROM t1 JOIN t2 ON (t1.a1 = t2.b1 AND t1.a2 = t2.b2 AND mod(t1.a3 + t2.b3, 10) < 5) LIMIT 200;
                            QUERY PLAN                            
------------------------------------------------------------------
 Limit (actual rows=200.00 loops=1)
   Output: t1.a1, t1.a2, t1.a3, t2.b1, t2.b2, t2.b3
   ->  Custom Join (GJoin) Join (actual rows=200.00 loops=1)
         Output: t1.a1, t1.a2, t1.a3, t2.b1, t2.b2, t2.b3
         Filter: (mod((t1.a3 + t2.b3), 10) < 5)
         Join Cond: (t1.a1 = t2.b1), (t1.a2 = t2.b2)
         Runs: inner=1 outer=1
         Memory: inner=1 outer=1
         ->  Seq Scan on public.t1 (actual rows=10000.00 loops=1)
               Output: t1.a1, t1.a2, t1.a3
         ->  Seq Scan on public.t2 (actual rows=10000.00 loops=1)
               Output: t2.b1, t2.b2, t2.b3
(12 rows)

EXPLAIN (VERBOSE, ANALYZE, COSTS OFF, TIMING OFF, BUFFERS OFF, SUMMARY OFF) SELECT * FROM t1 JOIN t2 ON (t1.a1 = t2.b1 AND t1.a2 = t2.b2 AND mod(t1.a3 + t2.b3, 10) < 5) LIMIT 500;
                            QUERY PLAN                            
------------------------------------------------------------------
 Limit (actual rows=500.00 loops=1)
   Output: t1.a1, t1.a2, t1.a3, t2.b1, t2.b2, t2.b3
   ->  Custom Join (GJoin) Join (actual rows=500.00 loops=1)
         Output: t1.a1, t1.a2, t1.a3, t2.b1, t2.b2, t2.b3
         Filter: (mod((t1.a3 + t2.b3), 10) < 5)
         Join Cond: (t1.a1 = t2.b1), (t1.a2 = t2.b2)
         Runs: inner=1 outer=1
         Memory: inner=1 outer=1
         ->  Seq Scan on public.t1 (actual rows=10000.00 loops=1)
               Output: t1.a1, t1.a2, t1.a3
         ->  Seq Scan on public.t2 (actual rows=10000.00 loops=1)
               Output: t2.b1, t2.b2, t2.b3
(12 rows)

EXPLAIN (VERBOSE, ANALYZE, COSTS OFF, TIMING OFF, BUFFERS OFF, SUMMARY OFF) SELECT * FROM t1 JOIN t2 ON (t1.a1 = t2.b1 AND t1.a2 = t2.b2 AND mod(t1.a3 + t2.b3, 10) < 5) LIMIT 1000;
                            QUERY PLAN                            
------------------------------------------------------------------
 Limit (actual rows=1000.00 loops=1)
   Output: t1.a1, t1.a2, t1.a3, t2.b1, t2.b2, t2.b3
   ->  Custom Join (GJoin) Join (actual rows=1000.00 loops=1)
         Output: t1.a1, t1.a2, t1.a3, t2.b1, t2.b2, t2.b3
         Filter: (mod((t1.a3 + t2.b3), 10) < 5)
         Join Cond: (t1.a1 = t2.b1), (t1.a2 = t2.b2)
         Runs: inner=1 outer=1
         Memory: inner=1 outer=1
         ->  Seq Scan on public.t1 (actual rows=10000.00 loops=1)
               Output: t1.a1, t1.a2, t1.a3
         ->  Seq Scan on public.t2 (actual rows=10000.00 loops=1)
               Output: t2.b1, t2.b2, t2.b3
(12 rows)

EXPLAIN (VERBOSE, ANALYZE, COSTS OFF, TIMING OFF, BUFFERS OFF, SUMMARY OFF) SELECT * FROM t1 JOIN t2 ON (t1.a1 = t2.b1 AND t1.a2 = t2.b2 AND mod(t1.a3 + t2.b3, 10) < 5) LIMIT 5000;
                            QUERY PLAN                            
------------------------------------------------------------------
 Limit (actual rows=5000.00 loops=1)
   Output: t1.a1, t1.a2, t1.a3, t2.b1, t2.b2, t2.b3
   ->  Custom Join (GJoin) Join (actual rows=5000.00 loops=1)
         Output: t1.a1, t1.a2, t1.a3, t2.b1, t2.b2, t2.b3
         Filter: (mod((t1.a3 + t2.b3), 10) < 5)
         Join Cond: (t1.a1 = t2.b1), (t1.a2 = t2.b2)
         Runs: inner=1 outer=1
         Memory: inner=1 outer=1
         ->  Seq Scan on public.t1 (actual rows=10000.00 loops=1)
               Output: t1.a1, t1.a2, t1.a3
         ->  Seq Scan on public.t2 (actual rows=10000.00 loops=1)
               Output: t2.b1, t2.b2, t2.b3
(12 rows)

EXPLAIN (VERBOSE, ANALYZE, COSTS OFF, TIMING OFF, BUFFERS OFF, SUMMARY OFF) SELECT * FROM t1 JOIN t2 ON (t1.a1 = t2.b1 AND t1.a2 = t2.b2 AND mod(t1.a3 + t2.b3, 10) < 5) LIMIT 10000;
                            QUERY PLAN                            
------------------------------------------------------------------
 Limit (actual rows=10000.00 loops=1)
   Output: t1.a1, t1.a2, t1.a3, t2.b1, t2.b2, t2.b3
   ->  Custom Join (GJoin) Join (actual rows=10000.00 loops=1)
         Output: t1.a1, t1.a2, t1.a3, t2.b1, t2.b2, t2.b3
         Filter: (mod((t1.a3 + t2.b3), 10) < 5)
         Join Cond: (t1.a1 = t2.b1), (t1.a2 = t2.b2)
         Runs: inner=1 outer=1
         Memory: inner=1 outer=1
         ->  Seq Scan on public.t1 (actual rows=10000.00 loops=1)
               Output: t1.a1, t1.a2, t1.a3
         ->  Seq Scan on public.t2 (actual rows=10000.00 loops=1)
               Output: t2.b1, t2.b2, t2.b3
(12 rows)

EXPLAIN (VERBOSE, ANALYZE, COSTS OFF, TIMING OFF, BUFFERS OFF, SUMMARY OFF) SELECT * FROM t1 JOIN t2 ON (t1.a1 = t2.b1 AND t1.a2 = t2.b2 AND mod(t1.a3 + t2.b3, 10) < 5);
                         QUERY PLAN                         
------------------------------------------------------------
 Custom Join (GJoin) Join (actual rows=28772.00 loops=1)
   Output: t1.a1, t1.a2, t1.a3, t2.b1, t2.b2, t2.b3
   Filter: (mod((t1.a3 + t2.b3), 10) < 5)
   Join Cond: (t1.a1 = t2.b1), (t1.a2 = t2.b2)
   Runs: inner=1 outer=1
   Memory: inner=1 outer=1
   ->  Seq Scan on public.t1 (actual rows=10000.00 loops=1)
         Output: t1.a1, t1.a2, t1.a3
   ->  Seq Scan on public.t2 (actual rows=10000.00 loops=1)
         Output: t2.b1, t2.b2, t2.b3
(10 rows)

EXPLAIN (VERBOSE, COSTS OFF, BUFFERS OFF) SELECT * FROM t1 JOIN t2 ON (t1.a1 = t2.b1 AND t1.a2 = t2.b2 AND t1.a3 < t2.b3);
                     QUERY PLAN                     
----------------------------------------------------
 Custom Join (GJoin) Join
   Output: t1.a1, t1.a2, t1.a3, t2.b1, t2.b2, t2.b3
   Filter: (t1.a3 < t2.b3)
   Join Cond: (t1.a1 = t2.b1), (t1.a2 = t2.b2)
   Runs: inner=0 outer=0
   Memory: inner=0 outer=0
   ->  Seq Scan on public.t1
         Output: t1.a1, t1.a2, t1.a3
   ->  Seq Scan on public.t2
         Output: t2.b1, t2.b2, t2.b3
(10 rows)

EXPLAIN (VERBOSE, ANALYZE, COSTS OFF, TIMING OFF, BUFFERS OFF, SUMMARY OFF) SELECT * FROM t1 JOIN t2 ON (t1.a1 = t2.b1 AND t1.a2 = t2.b2 AND t1.a3 < t2.b3) LIMIT 100;
                            QUERY PLAN                            
------------------------------------------------------------------
 Limit (actual rows=100.00 loops=1)
   Output: t1.a1, t1.a2, t1.a3, t2.b1, t2.b2, t2.b3
   ->  Custom Join (GJoin) Join (actual rows=100.00 loops=1)
         Output: t1.a1, t1.a2, t1.a3, t2.b1, t2.b2, t2.b3
         Filter: (t1.a3 < t2.b3)
         Join Cond: (t1.a1 = t2.b1), (t1.a2 = t2.b2)
         Runs: inner=1 outer=1
         Memory: inner=1 outer=1
         ->  Seq Scan on public.t1 (actual rows=10000.00 loops=1)
               Output: t1.a1, t1.a2, t1.a3
         ->  Seq Scan on public.t2 (actual rows=10000.00 loops=1)
               Output: t2.b1, t2.b2, t2.b3
(12 rows)

EXPLAIN (VERBOSE, ANALYZE, COSTS OFF, TIMING OFF, BUFFERS OFF, SUMMARY OFF) SELECT * FROM t1 JOIN t2 ON (t1.a1 = t2.b1 AND t1.a2 = t2.b2 AND t1.a3 < t2.b3) LIMIT 200;
                            QUERY PLAN                            
------------------------------------------------------------------
 Limit (actual rows=200.00 loops=1)
   Output: t1.a1, t1.a2, t1.a3, t2.b1, t2.b2, t2.b3
   ->  Custom Join (GJoin) Join (actual rows=200.00 loops=1)
         Output: t1.a1, t1.a2, t1.a3, t2.b1, t2.b2, t2.b3
         Filter: (t1.a3 < t2.b3)
         Join Cond: (t1.a1 = t2.b1), (t1.a2 = t2.b2)
         Runs: inner=1 outer=1
         Memory: inner=1 outer=1
         ->  Seq Scan on public.t1 (actual rows=10000.00 loops=1)
               Output: t1.a1, t1.a2, t1.a3
         ->  Seq Scan on public.t2 (actual rows=10000.00 loops=1)
               Output: t2.b1, t2.b2, t2.b3
(12 rows)

EXPLAIN (VERBOSE, ANALYZE, COSTS OFF, TIMING OFF, BUFFERS OFF, SUMMARY OFF) SELECT * FROM t1 JOIN t2 ON (t1.a1 = t2.b1 AND t1.a2 = t2.b2 AND t1.a3 < t2.b3) LIMIT 500;
                            QUERY PLAN                            
------------------------------------------------------------------
 Limit (actual rows=500.00 loops=1)
   Output: t1.a1, t1.a2, t1.a3, t2.b1, t2.b2, t2.b3
   ->  Custom Join (GJoin) Join (actual rows=500.00 loops=1)
         Output: t1.a1, t1.a2, t1.a3, t2.b1, t2.b2, t2.b3
         Filter: (t1.a3 < t2.b3)
         Join Cond: (t1.a1 = t2.b1), (t1.a2 = t2.b2)
         Runs: inner=1 outer=1
         Memory: inner=1 outer=1
         ->  Seq Scan on public.t1 (actual rows=10000.00 loops=1)
               Output: t1.a1, t1.a2, t1.a3
         ->  Seq Scan on public.t2 (actual rows=10000.00 loops=1)
               Output: t2.b1, t2.b2, t2.b3
(12 rows)

EXPLAIN (VERBOSE, ANALYZE, COSTS OFF, TIMING OFF, BUFFERS OFF, SUMMARY OFF) SELECT * FROM t1 JOIN t2 ON (t1.a1 = t2.b1 AND t1.a2 = t2.b2 AND t1.a3 < t2.b3) LIMIT 1000;
                            QUERY PLAN                            
------------------------------------------------------------------
 Limit (actual rows=1000.00 loops=1)
   Output: t1.a1, t1.a2, t1.a3, t2.b1, t2.b2, t2.b3
   ->  Custom Join (GJoin) Join (actual rows=1000.00 loops=1)
         Output: t1.a1, t1.a2, t1.a3, t2.b1, t2.b2, t2.b3
         Filter: (t1.a3 < t2.b3)
         Join Cond: (t1.a1 = t2.b1), (t1.a2 = t2.b2)
         Runs: inner=1 outer=1
         Memory: inner=1 outer=1
         ->  Seq Scan on public.t1 (actual rows=10000.00 loops=1)
               Output: t1.a1, t1.a2, t1.a3
         ->  Seq Scan on public.t2 (actual rows=10000.00 loops=1)
               Output: t2.b1, t2.b2, t2.b3
(12 rows)

EXPLAIN (VERBOSE, ANALYZE, COSTS OFF, TIMING OFF, BUFFERS OFF, SUMMARY OFF) SELECT * FROM t1 JOIN t2 ON (t1.a1 = t2.b1 AND t1.a2 = t2.b2 AND t1.a3 < t2.b3) LIMIT 5000;
                            QUERY PLAN                            
------------------------------------------------------------------
 Limit (actual rows=5000.00 loops=1)
   Output: t1.a1, t1.a2, t1.a3, t2.b1, t2.b2, t2.b3
   ->  Custom Join (GJoin) Join (actual rows=5000.00 loops=1)
         Output: t1.a1, t1.a2, t1.a3, t2.b1, t2.b2, t2.b3
         Filter: (t1.a3 < t2.b3)
         Join Cond: (t1.a1 = t2.b1), (t1.a2 = t2.b2)
         Runs: inner=1 outer=1
         Memory: inner=1 outer=1
         ->  Seq Scan on public.t1 (actual rows=10000.00 loops=1)
               Output: t1.a1, t1.a2, t1.a3
         ->  Seq Scan on public.t2 (actual rows=10000.00 loops=1)
               Output: t2.b1, t2.b2, t2.b3
(12 rows)

EXPLAIN (VERBOSE, ANALYZE, COSTS OFF, TIMING OFF, BUFFERS OFF, SUMMARY OFF) SELECT * FROM t1 JOIN t2 ON (t1.a1 = t2.b1 AND t1.a2 = t2.b2 AND t1.a3 < t2.b3) LIMIT 10000;
                            QUERY PLAN                            
------------------------------------------------------------------
 Limit (actual rows=10000.00 loops=1)
   Output: t1.a1, t1.a2, t1.a3, t2.b1, t2.b2, t2.b3
   ->  Custom Join (GJoin) Join (actual rows=10000.00 loops=1)
         Output: t1.a1, t1.a2, t1.a3, t2.b1, t2.b2, t2.b3
         Filter: (t1.a3 < t2.b3)
         Join Cond: (t1.a1 = t2.b1), (t1.a2 = t2.b2)
         Runs: inner=1 outer=1
         Memory: inner=1 outer=1
         ->  Seq Scan on public.t1 (actual rows=10000.00 loops=1)
               Output: t1.a1, t1.a2, t1.a3
         ->  Seq Scan on public.t2 (actual rows=10000.00 loops=1)
               Output: t2.b1, t2.b2, t2.b3
(12 rows)

EXPLAIN (VERBOSE, ANALYZE, COSTS OFF, TIMING OFF, BUFFERS OFF, SUMMARY OFF) SELECT * FROM t1 JOIN t2 ON (t1.a1 = t2.b1 AND t1.a2 = t2.b2 AND t1.a3 < t2.b3);
                         QUERY PLAN                         
------------------------------------------------------------
 Custom Join (GJoin) Join (actual rows=28757.00 loops=1)
   Output: t1.a1, t1.a2, t1.a3, t2.b1, t2.b2, t2.b3
   Filter: (t1.a3 < t2.b3)
   Join Cond: (t1.a1 = t2.b1), (t1.a2 = t2.b2)
   Runs: inner=1 outer=1
   Memory: inner=1 outer=1
   ->  Seq Scan on public.t1 (actual rows=10000.00 loops=1)
         Output: t1.a1, t1.a2, t1.a3
   ->  Seq Scan on public.t2 (actual rows=10000.00 loops=1)
         Output: t2.b1, t2.b2, t2.b3
(10 rows)

DROP TABLE t1;
DROP TABLE t2;
