CREATE TABLE t1 (a INT, b INT);
CREATE TABLE t2 (c INT, d INT);
INSERT INTO t1 SELECT i, mod(i * 7121, 1000) FROM generate_series(1,10000) s(i);
INSERT INTO t2 SELECT i, mod(i * 5443, 1000) FROM generate_series(1,10000) s(i);
VACUUM ANALYZE t1;
VACUUM ANALYZE t2;
LOAD 'gjoin';
SET gjoin.enabled = true;
EXPLAIN (VERBOSE, COSTS OFF, BUFFERS OFF) SELECT * FROM t1 JOIN t2 ON (t1.a = t2.c);
            QUERY PLAN            
----------------------------------
 Custom Join (GJoin) Join
   Output: t1.a, t1.b, t2.c, t2.d
   Join Cond: (t1.a = t2.c)
   ->  Seq Scan on public.t1
         Output: t1.a, t1.b
   ->  Seq Scan on public.t2
         Output: t2.c, t2.d
(7 rows)

EXPLAIN (VERBOSE, ANALYZE, COSTS OFF, TIMING OFF, BUFFERS OFF, SUMMARY OFF) SELECT * FROM t1 JOIN t2 ON (t1.a = t2.c) LIMIT 100;
                            QUERY PLAN                            
------------------------------------------------------------------
 Limit (actual rows=100.00 loops=1)
   Output: t1.a, t1.b, t2.c, t2.d
   ->  Custom Join (GJoin) Join (actual rows=100.00 loops=1)
         Output: t1.a, t1.b, t2.c, t2.d
         Join Cond: (t1.a = t2.c)
         Runs: inner=32 outer=32
         Tuples: inner=4224 outer=4096 cross=100
         Batches: inner=33 outer=32
         ->  Seq Scan on public.t1 (actual rows=10000.00 loops=1)
               Output: t1.a, t1.b
         ->  Seq Scan on public.t2 (actual rows=10000.00 loops=1)
               Output: t2.c, t2.d
(12 rows)

EXPLAIN (VERBOSE, ANALYZE, COSTS OFF, TIMING OFF, BUFFERS OFF, SUMMARY OFF) SELECT * FROM t1 JOIN t2 ON (t1.a = t2.c) LIMIT 200;
                            QUERY PLAN                            
------------------------------------------------------------------
 Limit (actual rows=200.00 loops=1)
   Output: t1.a, t1.b, t2.c, t2.d
   ->  Custom Join (GJoin) Join (actual rows=200.00 loops=1)
         Output: t1.a, t1.b, t2.c, t2.d
         Join Cond: (t1.a = t2.c)
         Runs: inner=32 outer=32
         Tuples: inner=4352 outer=4224 cross=200
         Batches: inner=34 outer=33
         ->  Seq Scan on public.t1 (actual rows=10000.00 loops=1)
               Output: t1.a, t1.b
         ->  Seq Scan on public.t2 (actual rows=10000.00 loops=1)
               Output: t2.c, t2.d
(12 rows)

EXPLAIN (VERBOSE, ANALYZE, COSTS OFF, TIMING OFF, BUFFERS OFF, SUMMARY OFF) SELECT * FROM t1 JOIN t2 ON (t1.a = t2.c) LIMIT 500;
                            QUERY PLAN                            
------------------------------------------------------------------
 Limit (actual rows=500.00 loops=1)
   Output: t1.a, t1.b, t2.c, t2.d
   ->  Custom Join (GJoin) Join (actual rows=500.00 loops=1)
         Output: t1.a, t1.b, t2.c, t2.d
         Join Cond: (t1.a = t2.c)
         Runs: inner=32 outer=32
         Tuples: inner=4608 outer=4480 cross=500
         Batches: inner=36 outer=35
         ->  Seq Scan on public.t1 (actual rows=10000.00 loops=1)
               Output: t1.a, t1.b
         ->  Seq Scan on public.t2 (actual rows=10000.00 loops=1)
               Output: t2.c, t2.d
(12 rows)

EXPLAIN (VERBOSE, ANALYZE, COSTS OFF, TIMING OFF, BUFFERS OFF, SUMMARY OFF) SELECT * FROM t1 JOIN t2 ON (t1.a = t2.c) LIMIT 1000;
                            QUERY PLAN                            
------------------------------------------------------------------
 Limit (actual rows=1000.00 loops=1)
   Output: t1.a, t1.b, t2.c, t2.d
   ->  Custom Join (GJoin) Join (actual rows=1000.00 loops=1)
         Output: t1.a, t1.b, t2.c, t2.d
         Join Cond: (t1.a = t2.c)
         Runs: inner=32 outer=32
         Tuples: inner=5120 outer=4992 cross=1000
         Batches: inner=40 outer=39
         ->  Seq Scan on public.t1 (actual rows=10000.00 loops=1)
               Output: t1.a, t1.b
         ->  Seq Scan on public.t2 (actual rows=10000.00 loops=1)
               Output: t2.c, t2.d
(12 rows)

EXPLAIN (VERBOSE, ANALYZE, COSTS OFF, TIMING OFF, BUFFERS OFF, SUMMARY OFF) SELECT * FROM t1 JOIN t2 ON (t1.a = t2.c) LIMIT 5000;
                            QUERY PLAN                            
------------------------------------------------------------------
 Limit (actual rows=5000.00 loops=1)
   Output: t1.a, t1.b, t2.c, t2.d
   ->  Custom Join (GJoin) Join (actual rows=5000.00 loops=1)
         Output: t1.a, t1.b, t2.c, t2.d
         Join Cond: (t1.a = t2.c)
         Runs: inner=32 outer=32
         Tuples: inner=8648 outer=8591 cross=5000
         Batches: inner=72 outer=71
         ->  Seq Scan on public.t1 (actual rows=10000.00 loops=1)
               Output: t1.a, t1.b
         ->  Seq Scan on public.t2 (actual rows=10000.00 loops=1)
               Output: t2.c, t2.d
(12 rows)

EXPLAIN (VERBOSE, ANALYZE, COSTS OFF, TIMING OFF, BUFFERS OFF, SUMMARY OFF) SELECT * FROM t1 JOIN t2 ON (t1.a = t2.c) LIMIT 10000;
                            QUERY PLAN                            
------------------------------------------------------------------
 Limit (actual rows=10000.00 loops=1)
   Output: t1.a, t1.b, t2.c, t2.d
   ->  Custom Join (GJoin) Join (actual rows=10000.00 loops=1)
         Output: t1.a, t1.b, t2.c, t2.d
         Join Cond: (t1.a = t2.c)
         Runs: inner=32 outer=32
         Tuples: inner=10000 outer=10000 cross=10000
         Batches: inner=96 outer=127
         ->  Seq Scan on public.t1 (actual rows=10000.00 loops=1)
               Output: t1.a, t1.b
         ->  Seq Scan on public.t2 (actual rows=10000.00 loops=1)
               Output: t2.c, t2.d
(12 rows)

EXPLAIN (VERBOSE, ANALYZE, COSTS OFF, TIMING OFF, BUFFERS OFF, SUMMARY OFF) SELECT * FROM t1 JOIN t2 ON (t1.a = t2.c);
                         QUERY PLAN                         
------------------------------------------------------------
 Custom Join (GJoin) Join (actual rows=10000.00 loops=1)
   Output: t1.a, t1.b, t2.c, t2.d
   Join Cond: (t1.a = t2.c)
   Runs: inner=32 outer=32
   Tuples: inner=10000 outer=10000 cross=10000
   Batches: inner=96 outer=128
   ->  Seq Scan on public.t1 (actual rows=10000.00 loops=1)
         Output: t1.a, t1.b
   ->  Seq Scan on public.t2 (actual rows=10000.00 loops=1)
         Output: t2.c, t2.d
(10 rows)

EXPLAIN (VERBOSE, COSTS OFF, BUFFERS OFF) SELECT * FROM t1 JOIN t2 ON (t1.a = t2.c AND mod(t1.a + t2.c, 10) < 5);
               QUERY PLAN               
----------------------------------------
 Custom Join (GJoin) Join
   Output: t1.a, t1.b, t2.c, t2.d
   Filter: (mod((t1.a + t2.c), 10) < 5)
   Join Cond: (t1.a = t2.c)
   ->  Seq Scan on public.t1
         Output: t1.a, t1.b
   ->  Seq Scan on public.t2
         Output: t2.c, t2.d
(8 rows)

EXPLAIN (VERBOSE, ANALYZE, COSTS OFF, TIMING OFF, BUFFERS OFF, SUMMARY OFF) SELECT * FROM t1 JOIN t2 ON (t1.a = t2.c AND mod(t1.a + t2.c, 10) < 5) LIMIT 100;
                            QUERY PLAN                            
------------------------------------------------------------------
 Limit (actual rows=100.00 loops=1)
   Output: t1.a, t1.b, t2.c, t2.d
   ->  Custom Join (GJoin) Join (actual rows=100.00 loops=1)
         Output: t1.a, t1.b, t2.c, t2.d
         Filter: (mod((t1.a + t2.c), 10) < 5)
         Join Cond: (t1.a = t2.c)
         Runs: inner=32 outer=32
         Tuples: inner=4352 outer=4224 cross=166
         Batches: inner=34 outer=33
         ->  Seq Scan on public.t1 (actual rows=10000.00 loops=1)
               Output: t1.a, t1.b
         ->  Seq Scan on public.t2 (actual rows=10000.00 loops=1)
               Output: t2.c, t2.d
(13 rows)

EXPLAIN (VERBOSE, ANALYZE, COSTS OFF, TIMING OFF, BUFFERS OFF, SUMMARY OFF) SELECT * FROM t1 JOIN t2 ON (t1.a = t2.c AND mod(t1.a + t2.c, 10) < 5) LIMIT 200;
                            QUERY PLAN                            
------------------------------------------------------------------
 Limit (actual rows=200.00 loops=1)
   Output: t1.a, t1.b, t2.c, t2.d
   ->  Custom Join (GJoin) Join (actual rows=200.00 loops=1)
         Output: t1.a, t1.b, t2.c, t2.d
         Filter: (mod((t1.a + t2.c), 10) < 5)
         Join Cond: (t1.a = t2.c)
         Runs: inner=32 outer=32
         Tuples: inner=4480 outer=4352 cross=333
         Batches: inner=35 outer=34
         ->  Seq Scan on public.t1 (actual rows=10000.00 loops=1)
               Output: t1.a, t1.b
         ->  Seq Scan on public.t2 (actual rows=10000.00 loops=1)
               Output: t2.c, t2.d
(13 rows)

EXPLAIN (VERBOSE, ANALYZE, COSTS OFF, TIMING OFF, BUFFERS OFF, SUMMARY OFF) SELECT * FROM t1 JOIN t2 ON (t1.a = t2.c AND mod(t1.a + t2.c, 10) < 5) LIMIT 500;
                            QUERY PLAN                            
------------------------------------------------------------------
 Limit (actual rows=500.00 loops=1)
   Output: t1.a, t1.b, t2.c, t2.d
   ->  Custom Join (GJoin) Join (actual rows=500.00 loops=1)
         Output: t1.a, t1.b, t2.c, t2.d
         Filter: (mod((t1.a + t2.c), 10) < 5)
         Join Cond: (t1.a = t2.c)
         Runs: inner=32 outer=32
         Tuples: inner=4992 outer=4864 cross=833
         Batches: inner=39 outer=38
         ->  Seq Scan on public.t1 (actual rows=10000.00 loops=1)
               Output: t1.a, t1.b
         ->  Seq Scan on public.t2 (actual rows=10000.00 loops=1)
               Output: t2.c, t2.d
(13 rows)

EXPLAIN (VERBOSE, ANALYZE, COSTS OFF, TIMING OFF, BUFFERS OFF, SUMMARY OFF) SELECT * FROM t1 JOIN t2 ON (t1.a = t2.c AND mod(t1.a + t2.c, 10) < 5) LIMIT 1000;
                            QUERY PLAN                            
------------------------------------------------------------------
 Limit (actual rows=1000.00 loops=1)
   Output: t1.a, t1.b, t2.c, t2.d
   ->  Custom Join (GJoin) Join (actual rows=1000.00 loops=1)
         Output: t1.a, t1.b, t2.c, t2.d
         Filter: (mod((t1.a + t2.c), 10) < 5)
         Join Cond: (t1.a = t2.c)
         Runs: inner=32 outer=32
         Tuples: inner=5888 outer=5760 cross=1666
         Batches: inner=46 outer=45
         ->  Seq Scan on public.t1 (actual rows=10000.00 loops=1)
               Output: t1.a, t1.b
         ->  Seq Scan on public.t2 (actual rows=10000.00 loops=1)
               Output: t2.c, t2.d
(13 rows)

EXPLAIN (VERBOSE, ANALYZE, COSTS OFF, TIMING OFF, BUFFERS OFF, SUMMARY OFF) SELECT * FROM t1 JOIN t2 ON (t1.a = t2.c AND mod(t1.a + t2.c, 10) < 5) LIMIT 5000;
                            QUERY PLAN                            
------------------------------------------------------------------
 Limit (actual rows=5000.00 loops=1)
   Output: t1.a, t1.b, t2.c, t2.d
   ->  Custom Join (GJoin) Join (actual rows=5000.00 loops=1)
         Output: t1.a, t1.b, t2.c, t2.d
         Filter: (mod((t1.a + t2.c), 10) < 5)
         Join Cond: (t1.a = t2.c)
         Runs: inner=32 outer=32
         Tuples: inner=10000 outer=10000 cross=8332
         Batches: inner=96 outer=98
         ->  Seq Scan on public.t1 (actual rows=10000.00 loops=1)
               Output: t1.a, t1.b
         ->  Seq Scan on public.t2 (actual rows=10000.00 loops=1)
               Output: t2.c, t2.d
(13 rows)

EXPLAIN (VERBOSE, ANALYZE, COSTS OFF, TIMING OFF, BUFFERS OFF, SUMMARY OFF) SELECT * FROM t1 JOIN t2 ON (t1.a = t2.c AND mod(t1.a + t2.c, 10) < 5) LIMIT 10000;
                            QUERY PLAN                            
------------------------------------------------------------------
 Limit (actual rows=6000.00 loops=1)
   Output: t1.a, t1.b, t2.c, t2.d
   ->  Custom Join (GJoin) Join (actual rows=6000.00 loops=1)
         Output: t1.a, t1.b, t2.c, t2.d
         Filter: (mod((t1.a + t2.c), 10) < 5)
         Join Cond: (t1.a = t2.c)
         Runs: inner=32 outer=32
         Tuples: inner=10000 outer=10000 cross=10000
         Batches: inner=96 outer=128
         ->  Seq Scan on public.t1 (actual rows=10000.00 loops=1)
               Output: t1.a, t1.b
         ->  Seq Scan on public.t2 (actual rows=10000.00 loops=1)
               Output: t2.c, t2.d
(13 rows)

EXPLAIN (VERBOSE, ANALYZE, COSTS OFF, TIMING OFF, BUFFERS OFF, SUMMARY OFF) SELECT * FROM t1 JOIN t2 ON (t1.a = t2.c AND mod(t1.a + t2.c, 10) < 5);
                         QUERY PLAN                         
------------------------------------------------------------
 Custom Join (GJoin) Join (actual rows=6000.00 loops=1)
   Output: t1.a, t1.b, t2.c, t2.d
   Filter: (mod((t1.a + t2.c), 10) < 5)
   Join Cond: (t1.a = t2.c)
   Runs: inner=32 outer=32
   Tuples: inner=10000 outer=10000 cross=10000
   Batches: inner=96 outer=128
   ->  Seq Scan on public.t1 (actual rows=10000.00 loops=1)
         Output: t1.a, t1.b
   ->  Seq Scan on public.t2 (actual rows=10000.00 loops=1)
         Output: t2.c, t2.d
(11 rows)

EXPLAIN (VERBOSE, COSTS OFF, BUFFERS OFF) SELECT * FROM t1 JOIN t2 ON (t1.a = t2.c AND t1.b < t2.d);
            QUERY PLAN            
----------------------------------
 Custom Join (GJoin) Join
   Output: t1.a, t1.b, t2.c, t2.d
   Filter: (t1.b < t2.d)
   Join Cond: (t1.a = t2.c)
   ->  Seq Scan on public.t1
         Output: t1.a, t1.b
   ->  Seq Scan on public.t2
         Output: t2.c, t2.d
(8 rows)

EXPLAIN (VERBOSE, ANALYZE, COSTS OFF, TIMING OFF, BUFFERS OFF, SUMMARY OFF) SELECT * FROM t1 JOIN t2 ON (t1.a = t2.c AND t1.b < t2.d) LIMIT 100;
                            QUERY PLAN                            
------------------------------------------------------------------
 Limit (actual rows=100.00 loops=1)
   Output: t1.a, t1.b, t2.c, t2.d
   ->  Custom Join (GJoin) Join (actual rows=100.00 loops=1)
         Output: t1.a, t1.b, t2.c, t2.d
         Filter: (t1.b < t2.d)
         Join Cond: (t1.a = t2.c)
         Runs: inner=32 outer=32
         Tuples: inner=4352 outer=4224 cross=200
         Batches: inner=34 outer=33
         ->  Seq Scan on public.t1 (actual rows=10000.00 loops=1)
               Output: t1.a, t1.b
         ->  Seq Scan on public.t2 (actual rows=10000.00 loops=1)
               Output: t2.c, t2.d
(13 rows)

EXPLAIN (VERBOSE, ANALYZE, COSTS OFF, TIMING OFF, BUFFERS OFF, SUMMARY OFF) SELECT * FROM t1 JOIN t2 ON (t1.a = t2.c AND t1.b < t2.d) LIMIT 200;
                            QUERY PLAN                            
------------------------------------------------------------------
 Limit (actual rows=200.00 loops=1)
   Output: t1.a, t1.b, t2.c, t2.d
   ->  Custom Join (GJoin) Join (actual rows=200.00 loops=1)
         Output: t1.a, t1.b, t2.c, t2.d
         Filter: (t1.b < t2.d)
         Join Cond: (t1.a = t2.c)
         Runs: inner=32 outer=32
         Tuples: inner=4608 outer=4480 cross=401
         Batches: inner=36 outer=35
         ->  Seq Scan on public.t1 (actual rows=10000.00 loops=1)
               Output: t1.a, t1.b
         ->  Seq Scan on public.t2 (actual rows=10000.00 loops=1)
               Output: t2.c, t2.d
(13 rows)

EXPLAIN (VERBOSE, ANALYZE, COSTS OFF, TIMING OFF, BUFFERS OFF, SUMMARY OFF) SELECT * FROM t1 JOIN t2 ON (t1.a = t2.c AND t1.b < t2.d) LIMIT 500;
                            QUERY PLAN                            
------------------------------------------------------------------
 Limit (actual rows=500.00 loops=1)
   Output: t1.a, t1.b, t2.c, t2.d
   ->  Custom Join (GJoin) Join (actual rows=500.00 loops=1)
         Output: t1.a, t1.b, t2.c, t2.d
         Filter: (t1.b < t2.d)
         Join Cond: (t1.a = t2.c)
         Runs: inner=32 outer=32
         Tuples: inner=5120 outer=4992 cross=1006
         Batches: inner=40 outer=39
         ->  Seq Scan on public.t1 (actual rows=10000.00 loops=1)
               Output: t1.a, t1.b
         ->  Seq Scan on public.t2 (actual rows=10000.00 loops=1)
               Output: t2.c, t2.d
(13 rows)

EXPLAIN (VERBOSE, ANALYZE, COSTS OFF, TIMING OFF, BUFFERS OFF, SUMMARY OFF) SELECT * FROM t1 JOIN t2 ON (t1.a = t2.c AND t1.b < t2.d) LIMIT 1000;
                            QUERY PLAN                            
------------------------------------------------------------------
 Limit (actual rows=1000.00 loops=1)
   Output: t1.a, t1.b, t2.c, t2.d
   ->  Custom Join (GJoin) Join (actual rows=1000.00 loops=1)
         Output: t1.a, t1.b, t2.c, t2.d
         Filter: (t1.b < t2.d)
         Join Cond: (t1.a = t2.c)
         Runs: inner=32 outer=32
         Tuples: inner=6144 outer=6016 cross=2010
         Batches: inner=48 outer=47
         ->  Seq Scan on public.t1 (actual rows=10000.00 loops=1)
               Output: t1.a, t1.b
         ->  Seq Scan on public.t2 (actual rows=10000.00 loops=1)
               Output: t2.c, t2.d
(13 rows)

EXPLAIN (VERBOSE, ANALYZE, COSTS OFF, TIMING OFF, BUFFERS OFF, SUMMARY OFF) SELECT * FROM t1 JOIN t2 ON (t1.a = t2.c AND t1.b < t2.d) LIMIT 5000;
                            QUERY PLAN                            
------------------------------------------------------------------
 Limit (actual rows=4990.00 loops=1)
   Output: t1.a, t1.b, t2.c, t2.d
   ->  Custom Join (GJoin) Join (actual rows=4990.00 loops=1)
         Output: t1.a, t1.b, t2.c, t2.d
         Filter: (t1.b < t2.d)
         Join Cond: (t1.a = t2.c)
         Runs: inner=32 outer=32
         Tuples: inner=10000 outer=10000 cross=10000
         Batches: inner=96 outer=128
         ->  Seq Scan on public.t1 (actual rows=10000.00 loops=1)
               Output: t1.a, t1.b
         ->  Seq Scan on public.t2 (actual rows=10000.00 loops=1)
               Output: t2.c, t2.d
(13 rows)

EXPLAIN (VERBOSE, ANALYZE, COSTS OFF, TIMING OFF, BUFFERS OFF, SUMMARY OFF) SELECT * FROM t1 JOIN t2 ON (t1.a = t2.c AND t1.b < t2.d) LIMIT 10000;
                            QUERY PLAN                            
------------------------------------------------------------------
 Limit (actual rows=4990.00 loops=1)
   Output: t1.a, t1.b, t2.c, t2.d
   ->  Custom Join (GJoin) Join (actual rows=4990.00 loops=1)
         Output: t1.a, t1.b, t2.c, t2.d
         Filter: (t1.b < t2.d)
         Join Cond: (t1.a = t2.c)
         Runs: inner=32 outer=32
         Tuples: inner=10000 outer=10000 cross=10000
         Batches: inner=96 outer=128
         ->  Seq Scan on public.t1 (actual rows=10000.00 loops=1)
               Output: t1.a, t1.b
         ->  Seq Scan on public.t2 (actual rows=10000.00 loops=1)
               Output: t2.c, t2.d
(13 rows)

EXPLAIN (VERBOSE, ANALYZE, COSTS OFF, TIMING OFF, BUFFERS OFF, SUMMARY OFF) SELECT * FROM t1 JOIN t2 ON (t1.a = t2.c AND t1.b < t2.d);
                         QUERY PLAN                         
------------------------------------------------------------
 Custom Join (GJoin) Join (actual rows=4990.00 loops=1)
   Output: t1.a, t1.b, t2.c, t2.d
   Filter: (t1.b < t2.d)
   Join Cond: (t1.a = t2.c)
   Runs: inner=32 outer=32
   Tuples: inner=10000 outer=10000 cross=10000
   Batches: inner=96 outer=128
   ->  Seq Scan on public.t1 (actual rows=10000.00 loops=1)
         Output: t1.a, t1.b
   ->  Seq Scan on public.t2 (actual rows=10000.00 loops=1)
         Output: t2.c, t2.d
(11 rows)

DROP TABLE t1;
DROP TABLE t2;
