CREATE TABLE t1 (a INT, b INT);
CREATE TABLE t2 (c INT, d INT);
INSERT INTO t1 SELECT i, mod(i * 701, 1000) FROM generate_series(1,1000000) s(i);
INSERT INTO t2 SELECT i, mod(i * 953, 1000) FROM generate_series(1,1000000) s(i);
VACUUM ANALYZE t1;
VACUUM ANALYZE t2;
LOAD 'gjoin';
SET gjoin.enabled = true;
SET work_mem = '128kB';
EXPLAIN (VERBOSE, COSTS OFF, BUFFERS OFF) SELECT * FROM t1 JOIN t2 ON (t1.a = t2.c);
            QUERY PLAN            
----------------------------------
 Custom Join (GJoin) Join
   Output: t1.a, t1.b, t2.c, t2.d
   Join Cond: (t1.a = t2.c)
   ->  Seq Scan on public.t1
         Output: t1.a, t1.b
   ->  Seq Scan on public.t2
         Output: t2.c, t2.d
(7 rows)

EXPLAIN (VERBOSE, ANALYZE, COSTS OFF, TIMING OFF, BUFFERS OFF, SUMMARY OFF) SELECT * FROM t1 JOIN t2 ON (t1.a = t2.c) LIMIT 100;
                             QUERY PLAN                             
--------------------------------------------------------------------
 Limit (actual rows=100.00 loops=1)
   Output: t1.a, t1.b, t2.c, t2.d
   ->  Custom Join (GJoin) Join (actual rows=100.00 loops=1)
         Output: t1.a, t1.b, t2.c, t2.d
         Join Cond: (t1.a = t2.c)
         Runs: inner=32 outer=32
         Tuples: inner=4224 outer=4096 cross=5149
         Batches: inner=33 outer=32 cross=100
         ->  Seq Scan on public.t1 (actual rows=1000000.00 loops=1)
               Output: t1.a, t1.b
         ->  Seq Scan on public.t2 (actual rows=1000000.00 loops=1)
               Output: t2.c, t2.d
(12 rows)

EXPLAIN (VERBOSE, ANALYZE, COSTS OFF, TIMING OFF, BUFFERS OFF, SUMMARY OFF) SELECT * FROM t1 JOIN t2 ON (t1.a = t2.c) LIMIT 200;
                             QUERY PLAN                             
--------------------------------------------------------------------
 Limit (actual rows=200.00 loops=1)
   Output: t1.a, t1.b, t2.c, t2.d
   ->  Custom Join (GJoin) Join (actual rows=200.00 loops=1)
         Output: t1.a, t1.b, t2.c, t2.d
         Join Cond: (t1.a = t2.c)
         Runs: inner=32 outer=32
         Tuples: inner=4352 outer=4224 cross=8597
         Batches: inner=34 outer=33 cross=130
         ->  Seq Scan on public.t1 (actual rows=1000000.00 loops=1)
               Output: t1.a, t1.b
         ->  Seq Scan on public.t2 (actual rows=1000000.00 loops=1)
               Output: t2.c, t2.d
(12 rows)

EXPLAIN (VERBOSE, ANALYZE, COSTS OFF, TIMING OFF, BUFFERS OFF, SUMMARY OFF) SELECT * FROM t1 JOIN t2 ON (t1.a = t2.c) LIMIT 500;
                             QUERY PLAN                             
--------------------------------------------------------------------
 Limit (actual rows=500.00 loops=1)
   Output: t1.a, t1.b, t2.c, t2.d
   ->  Custom Join (GJoin) Join (actual rows=500.00 loops=1)
         Output: t1.a, t1.b, t2.c, t2.d
         Join Cond: (t1.a = t2.c)
         Runs: inner=32 outer=32
         Tuples: inner=4608 outer=4480 cross=9493
         Batches: inner=36 outer=35 cross=134
         ->  Seq Scan on public.t1 (actual rows=1000000.00 loops=1)
               Output: t1.a, t1.b
         ->  Seq Scan on public.t2 (actual rows=1000000.00 loops=1)
               Output: t2.c, t2.d
(12 rows)

EXPLAIN (VERBOSE, ANALYZE, COSTS OFF, TIMING OFF, BUFFERS OFF, SUMMARY OFF) SELECT * FROM t1 JOIN t2 ON (t1.a = t2.c) LIMIT 1000;
                             QUERY PLAN                             
--------------------------------------------------------------------
 Limit (actual rows=1000.00 loops=1)
   Output: t1.a, t1.b, t2.c, t2.d
   ->  Custom Join (GJoin) Join (actual rows=1000.00 loops=1)
         Output: t1.a, t1.b, t2.c, t2.d
         Join Cond: (t1.a = t2.c)
         Runs: inner=32 outer=32
         Tuples: inner=5120 outer=4992 cross=10985
         Batches: inner=40 outer=39 cross=142
         ->  Seq Scan on public.t1 (actual rows=1000000.00 loops=1)
               Output: t1.a, t1.b
         ->  Seq Scan on public.t2 (actual rows=1000000.00 loops=1)
               Output: t2.c, t2.d
(12 rows)

EXPLAIN (VERBOSE, ANALYZE, COSTS OFF, TIMING OFF, BUFFERS OFF, SUMMARY OFF) SELECT * FROM t1 JOIN t2 ON (t1.a = t2.c) LIMIT 5000;
                             QUERY PLAN                             
--------------------------------------------------------------------
 Limit (actual rows=5000.00 loops=1)
   Output: t1.a, t1.b, t2.c, t2.d
   ->  Custom Join (GJoin) Join (actual rows=5000.00 loops=1)
         Output: t1.a, t1.b, t2.c, t2.d
         Join Cond: (t1.a = t2.c)
         Runs: inner=32 outer=32
         Tuples: inner=9216 outer=9088 cross=30922
         Batches: inner=72 outer=71 cross=332
         ->  Seq Scan on public.t1 (actual rows=1000000.00 loops=1)
               Output: t1.a, t1.b
         ->  Seq Scan on public.t2 (actual rows=1000000.00 loops=1)
               Output: t2.c, t2.d
(12 rows)

EXPLAIN (VERBOSE, ANALYZE, COSTS OFF, TIMING OFF, BUFFERS OFF, SUMMARY OFF) SELECT * FROM t1 JOIN t2 ON (t1.a = t2.c) LIMIT 10000;
                             QUERY PLAN                             
--------------------------------------------------------------------
 Limit (actual rows=10000.00 loops=1)
   Output: t1.a, t1.b, t2.c, t2.d
   ->  Custom Join (GJoin) Join (actual rows=10000.00 loops=1)
         Output: t1.a, t1.b, t2.c, t2.d
         Join Cond: (t1.a = t2.c)
         Runs: inner=32 outer=32
         Tuples: inner=14208 outer=14080 cross=53845
         Batches: inner=111 outer=110 cross=536
         ->  Seq Scan on public.t1 (actual rows=1000000.00 loops=1)
               Output: t1.a, t1.b
         ->  Seq Scan on public.t2 (actual rows=1000000.00 loops=1)
               Output: t2.c, t2.d
(12 rows)

EXPLAIN (VERBOSE, ANALYZE, COSTS OFF, TIMING OFF, BUFFERS OFF, SUMMARY OFF) SELECT * FROM t1 JOIN t2 ON (t1.a = t2.c);
                          QUERY PLAN                          
--------------------------------------------------------------
 Custom Join (GJoin) Join (actual rows=1000000.00 loops=1)
   Output: t1.a, t1.b, t2.c, t2.d
   Join Cond: (t1.a = t2.c)
   Runs: inner=32 outer=32
   Tuples: inner=1000000 outer=1000000 cross=4944619
   Batches: inner=7844 outer=7845 cross=46496
   ->  Seq Scan on public.t1 (actual rows=1000000.00 loops=1)
         Output: t1.a, t1.b
   ->  Seq Scan on public.t2 (actual rows=1000000.00 loops=1)
         Output: t2.c, t2.d
(10 rows)

EXPLAIN (VERBOSE, COSTS OFF, BUFFERS OFF) SELECT * FROM t1 JOIN t2 ON (t1.a = t2.c AND mod(t1.a + t2.c, 10) < 5);
               QUERY PLAN               
----------------------------------------
 Custom Join (GJoin) Join
   Output: t1.a, t1.b, t2.c, t2.d
   Filter: (mod((t1.a + t2.c), 10) < 5)
   Join Cond: (t1.a = t2.c)
   ->  Seq Scan on public.t1
         Output: t1.a, t1.b
   ->  Seq Scan on public.t2
         Output: t2.c, t2.d
(8 rows)

EXPLAIN (VERBOSE, ANALYZE, COSTS OFF, TIMING OFF, BUFFERS OFF, SUMMARY OFF) SELECT * FROM t1 JOIN t2 ON (t1.a = t2.c AND mod(t1.a + t2.c, 10) < 5) LIMIT 100;
                             QUERY PLAN                             
--------------------------------------------------------------------
 Limit (actual rows=100.00 loops=1)
   Output: t1.a, t1.b, t2.c, t2.d
   ->  Custom Join (GJoin) Join (actual rows=100.00 loops=1)
         Output: t1.a, t1.b, t2.c, t2.d
         Filter: (mod((t1.a + t2.c), 10) < 5)
         Join Cond: (t1.a = t2.c)
         Runs: inner=32 outer=32
         Tuples: inner=4352 outer=4224 cross=8495
         Batches: inner=34 outer=33 cross=130
         ->  Seq Scan on public.t1 (actual rows=1000000.00 loops=1)
               Output: t1.a, t1.b
         ->  Seq Scan on public.t2 (actual rows=1000000.00 loops=1)
               Output: t2.c, t2.d
(13 rows)

EXPLAIN (VERBOSE, ANALYZE, COSTS OFF, TIMING OFF, BUFFERS OFF, SUMMARY OFF) SELECT * FROM t1 JOIN t2 ON (t1.a = t2.c AND mod(t1.a + t2.c, 10) < 5) LIMIT 200;
                             QUERY PLAN                             
--------------------------------------------------------------------
 Limit (actual rows=200.00 loops=1)
   Output: t1.a, t1.b, t2.c, t2.d
   ->  Custom Join (GJoin) Join (actual rows=200.00 loops=1)
         Output: t1.a, t1.b, t2.c, t2.d
         Filter: (mod((t1.a + t2.c), 10) < 5)
         Join Cond: (t1.a = t2.c)
         Runs: inner=32 outer=32
         Tuples: inner=4480 outer=4352 cross=8991
         Batches: inner=35 outer=34 cross=132
         ->  Seq Scan on public.t1 (actual rows=1000000.00 loops=1)
               Output: t1.a, t1.b
         ->  Seq Scan on public.t2 (actual rows=1000000.00 loops=1)
               Output: t2.c, t2.d
(13 rows)

EXPLAIN (VERBOSE, ANALYZE, COSTS OFF, TIMING OFF, BUFFERS OFF, SUMMARY OFF) SELECT * FROM t1 JOIN t2 ON (t1.a = t2.c AND mod(t1.a + t2.c, 10) < 5) LIMIT 500;
                             QUERY PLAN                             
--------------------------------------------------------------------
 Limit (actual rows=500.00 loops=1)
   Output: t1.a, t1.b, t2.c, t2.d
   ->  Custom Join (GJoin) Join (actual rows=500.00 loops=1)
         Output: t1.a, t1.b, t2.c, t2.d
         Filter: (mod((t1.a + t2.c), 10) < 5)
         Join Cond: (t1.a = t2.c)
         Runs: inner=32 outer=32
         Tuples: inner=4992 outer=4864 cross=10483
         Batches: inner=39 outer=38 cross=140
         ->  Seq Scan on public.t1 (actual rows=1000000.00 loops=1)
               Output: t1.a, t1.b
         ->  Seq Scan on public.t2 (actual rows=1000000.00 loops=1)
               Output: t2.c, t2.d
(13 rows)

EXPLAIN (VERBOSE, ANALYZE, COSTS OFF, TIMING OFF, BUFFERS OFF, SUMMARY OFF) SELECT * FROM t1 JOIN t2 ON (t1.a = t2.c AND mod(t1.a + t2.c, 10) < 5) LIMIT 1000;
                             QUERY PLAN                             
--------------------------------------------------------------------
 Limit (actual rows=1000.00 loops=1)
   Output: t1.a, t1.b, t2.c, t2.d
   ->  Custom Join (GJoin) Join (actual rows=1000.00 loops=1)
         Output: t1.a, t1.b, t2.c, t2.d
         Filter: (mod((t1.a + t2.c), 10) < 5)
         Join Cond: (t1.a = t2.c)
         Runs: inner=32 outer=32
         Tuples: inner=5888 outer=5760 cross=12971
         Batches: inner=46 outer=45 cross=154
         ->  Seq Scan on public.t1 (actual rows=1000000.00 loops=1)
               Output: t1.a, t1.b
         ->  Seq Scan on public.t2 (actual rows=1000000.00 loops=1)
               Output: t2.c, t2.d
(13 rows)

EXPLAIN (VERBOSE, ANALYZE, COSTS OFF, TIMING OFF, BUFFERS OFF, SUMMARY OFF) SELECT * FROM t1 JOIN t2 ON (t1.a = t2.c AND mod(t1.a + t2.c, 10) < 5) LIMIT 5000;
                             QUERY PLAN                             
--------------------------------------------------------------------
 Limit (actual rows=5000.00 loops=1)
   Output: t1.a, t1.b, t2.c, t2.d
   ->  Custom Join (GJoin) Join (actual rows=5000.00 loops=1)
         Output: t1.a, t1.b, t2.c, t2.d
         Filter: (mod((t1.a + t2.c), 10) < 5)
         Join Cond: (t1.a = t2.c)
         Runs: inner=32 outer=32
         Tuples: inner=12544 outer=12416 cross=48867
         Batches: inner=98 outer=97 cross=510
         ->  Seq Scan on public.t1 (actual rows=1000000.00 loops=1)
               Output: t1.a, t1.b
         ->  Seq Scan on public.t2 (actual rows=1000000.00 loops=1)
               Output: t2.c, t2.d
(13 rows)

EXPLAIN (VERBOSE, ANALYZE, COSTS OFF, TIMING OFF, BUFFERS OFF, SUMMARY OFF) SELECT * FROM t1 JOIN t2 ON (t1.a = t2.c AND mod(t1.a + t2.c, 10) < 5) LIMIT 10000;
                             QUERY PLAN                             
--------------------------------------------------------------------
 Limit (actual rows=10000.00 loops=1)
   Output: t1.a, t1.b, t2.c, t2.d
   ->  Custom Join (GJoin) Join (actual rows=10000.00 loops=1)
         Output: t1.a, t1.b, t2.c, t2.d
         Filter: (mod((t1.a + t2.c), 10) < 5)
         Join Cond: (t1.a = t2.c)
         Runs: inner=32 outer=32
         Tuples: inner=20864 outer=20736 cross=89741
         Batches: inner=163 outer=162 cross=892
         ->  Seq Scan on public.t1 (actual rows=1000000.00 loops=1)
               Output: t1.a, t1.b
         ->  Seq Scan on public.t2 (actual rows=1000000.00 loops=1)
               Output: t2.c, t2.d
(13 rows)

EXPLAIN (VERBOSE, ANALYZE, COSTS OFF, TIMING OFF, BUFFERS OFF, SUMMARY OFF) SELECT * FROM t1 JOIN t2 ON (t1.a = t2.c AND mod(t1.a + t2.c, 10) < 5);
                          QUERY PLAN                          
--------------------------------------------------------------
 Custom Join (GJoin) Join (actual rows=600000.00 loops=1)
   Output: t1.a, t1.b, t2.c, t2.d
   Filter: (mod((t1.a + t2.c), 10) < 5)
   Join Cond: (t1.a = t2.c)
   Runs: inner=32 outer=32
   Tuples: inner=1000000 outer=1000000 cross=4944619
   Batches: inner=7844 outer=7845 cross=46496
   ->  Seq Scan on public.t1 (actual rows=1000000.00 loops=1)
         Output: t1.a, t1.b
   ->  Seq Scan on public.t2 (actual rows=1000000.00 loops=1)
         Output: t2.c, t2.d
(11 rows)

EXPLAIN (VERBOSE, COSTS OFF, BUFFERS OFF) SELECT * FROM t1 JOIN t2 ON (t1.a = t2.c AND t1.b < t2.d);
            QUERY PLAN            
----------------------------------
 Custom Join (GJoin) Join
   Output: t1.a, t1.b, t2.c, t2.d
   Filter: (t1.b < t2.d)
   Join Cond: (t1.a = t2.c)
   ->  Seq Scan on public.t1
         Output: t1.a, t1.b
   ->  Seq Scan on public.t2
         Output: t2.c, t2.d
(8 rows)

EXPLAIN (VERBOSE, ANALYZE, COSTS OFF, TIMING OFF, BUFFERS OFF, SUMMARY OFF) SELECT * FROM t1 JOIN t2 ON (t1.a = t2.c AND t1.b < t2.d) LIMIT 100;
                             QUERY PLAN                             
--------------------------------------------------------------------
 Limit (actual rows=100.00 loops=1)
   Output: t1.a, t1.b, t2.c, t2.d
   ->  Custom Join (GJoin) Join (actual rows=100.00 loops=1)
         Output: t1.a, t1.b, t2.c, t2.d
         Filter: (t1.b < t2.d)
         Join Cond: (t1.a = t2.c)
         Runs: inner=32 outer=32
         Tuples: inner=4352 outer=4224 cross=8573
         Batches: inner=34 outer=33 cross=130
         ->  Seq Scan on public.t1 (actual rows=1000000.00 loops=1)
               Output: t1.a, t1.b
         ->  Seq Scan on public.t2 (actual rows=1000000.00 loops=1)
               Output: t2.c, t2.d
(13 rows)

EXPLAIN (VERBOSE, ANALYZE, COSTS OFF, TIMING OFF, BUFFERS OFF, SUMMARY OFF) SELECT * FROM t1 JOIN t2 ON (t1.a = t2.c AND t1.b < t2.d) LIMIT 200;
                             QUERY PLAN                             
--------------------------------------------------------------------
 Limit (actual rows=200.00 loops=1)
   Output: t1.a, t1.b, t2.c, t2.d
   ->  Custom Join (GJoin) Join (actual rows=200.00 loops=1)
         Output: t1.a, t1.b, t2.c, t2.d
         Filter: (t1.b < t2.d)
         Join Cond: (t1.a = t2.c)
         Runs: inner=32 outer=32
         Tuples: inner=4608 outer=4480 cross=9166
         Batches: inner=36 outer=35 cross=134
         ->  Seq Scan on public.t1 (actual rows=1000000.00 loops=1)
               Output: t1.a, t1.b
         ->  Seq Scan on public.t2 (actual rows=1000000.00 loops=1)
               Output: t2.c, t2.d
(13 rows)

EXPLAIN (VERBOSE, ANALYZE, COSTS OFF, TIMING OFF, BUFFERS OFF, SUMMARY OFF) SELECT * FROM t1 JOIN t2 ON (t1.a = t2.c AND t1.b < t2.d) LIMIT 500;
                             QUERY PLAN                             
--------------------------------------------------------------------
 Limit (actual rows=500.00 loops=1)
   Output: t1.a, t1.b, t2.c, t2.d
   ->  Custom Join (GJoin) Join (actual rows=500.00 loops=1)
         Output: t1.a, t1.b, t2.c, t2.d
         Filter: (t1.b < t2.d)
         Join Cond: (t1.a = t2.c)
         Runs: inner=32 outer=32
         Tuples: inner=5120 outer=4992 cross=10991
         Batches: inner=40 outer=39 cross=142
         ->  Seq Scan on public.t1 (actual rows=1000000.00 loops=1)
               Output: t1.a, t1.b
         ->  Seq Scan on public.t2 (actual rows=1000000.00 loops=1)
               Output: t2.c, t2.d
(13 rows)

EXPLAIN (VERBOSE, ANALYZE, COSTS OFF, TIMING OFF, BUFFERS OFF, SUMMARY OFF) SELECT * FROM t1 JOIN t2 ON (t1.a = t2.c AND t1.b < t2.d) LIMIT 1000;
                             QUERY PLAN                             
--------------------------------------------------------------------
 Limit (actual rows=1000.00 loops=1)
   Output: t1.a, t1.b, t2.c, t2.d
   ->  Custom Join (GJoin) Join (actual rows=1000.00 loops=1)
         Output: t1.a, t1.b, t2.c, t2.d
         Filter: (t1.b < t2.d)
         Join Cond: (t1.a = t2.c)
         Runs: inner=32 outer=32
         Tuples: inner=6144 outer=6016 cross=13981
         Batches: inner=48 outer=47 cross=158
         ->  Seq Scan on public.t1 (actual rows=1000000.00 loops=1)
               Output: t1.a, t1.b
         ->  Seq Scan on public.t2 (actual rows=1000000.00 loops=1)
               Output: t2.c, t2.d
(13 rows)

EXPLAIN (VERBOSE, ANALYZE, COSTS OFF, TIMING OFF, BUFFERS OFF, SUMMARY OFF) SELECT * FROM t1 JOIN t2 ON (t1.a = t2.c AND t1.b < t2.d) LIMIT 5000;
                             QUERY PLAN                             
--------------------------------------------------------------------
 Limit (actual rows=5000.00 loops=1)
   Output: t1.a, t1.b, t2.c, t2.d
   ->  Custom Join (GJoin) Join (actual rows=5000.00 loops=1)
         Output: t1.a, t1.b, t2.c, t2.d
         Filter: (t1.b < t2.d)
         Join Cond: (t1.a = t2.c)
         Runs: inner=32 outer=32
         Tuples: inner=14208 outer=14080 cross=53932
         Batches: inner=111 outer=110 cross=536
         ->  Seq Scan on public.t1 (actual rows=1000000.00 loops=1)
               Output: t1.a, t1.b
         ->  Seq Scan on public.t2 (actual rows=1000000.00 loops=1)
               Output: t2.c, t2.d
(13 rows)

EXPLAIN (VERBOSE, ANALYZE, COSTS OFF, TIMING OFF, BUFFERS OFF, SUMMARY OFF) SELECT * FROM t1 JOIN t2 ON (t1.a = t2.c AND t1.b < t2.d) LIMIT 10000;
                             QUERY PLAN                             
--------------------------------------------------------------------
 Limit (actual rows=10000.00 loops=1)
   Output: t1.a, t1.b, t2.c, t2.d
   ->  Custom Join (GJoin) Join (actual rows=10000.00 loops=1)
         Output: t1.a, t1.b, t2.c, t2.d
         Filter: (t1.b < t2.d)
         Join Cond: (t1.a = t2.c)
         Runs: inner=32 outer=32
         Tuples: inner=24192 outer=24064 cross=99895
         Batches: inner=189 outer=188 cross=944
         ->  Seq Scan on public.t1 (actual rows=1000000.00 loops=1)
               Output: t1.a, t1.b
         ->  Seq Scan on public.t2 (actual rows=1000000.00 loops=1)
               Output: t2.c, t2.d
(13 rows)

EXPLAIN (VERBOSE, ANALYZE, COSTS OFF, TIMING OFF, BUFFERS OFF, SUMMARY OFF) SELECT * FROM t1 JOIN t2 ON (t1.a = t2.c AND t1.b < t2.d);
                          QUERY PLAN                          
--------------------------------------------------------------
 Custom Join (GJoin) Join (actual rows=498000.00 loops=1)
   Output: t1.a, t1.b, t2.c, t2.d
   Filter: (t1.b < t2.d)
   Join Cond: (t1.a = t2.c)
   Runs: inner=32 outer=32
   Tuples: inner=1000000 outer=1000000 cross=4944619
   Batches: inner=7844 outer=7845 cross=46496
   ->  Seq Scan on public.t1 (actual rows=1000000.00 loops=1)
         Output: t1.a, t1.b
   ->  Seq Scan on public.t2 (actual rows=1000000.00 loops=1)
         Output: t2.c, t2.d
(11 rows)

DROP TABLE t1;
DROP TABLE t2;
