# initializing database system by copying initdb template
# using temp instance on port 58928 with PID 230127
# diff -U3 /home/user/work/postgres/contrib/gjoin/expected/basic.out /home/user/work/postgres/contrib/gjoin/results/basic.out
# --- /home/user/work/postgres/contrib/gjoin/expected/basic.out	2026-05-10 01:28:03.182964376 +0200
# +++ /home/user/work/postgres/contrib/gjoin/results/basic.out	2026-05-10 02:02:28.153911668 +0200
# @@ -0,0 +1,130 @@
# +CREATE TABLE t1 (a INT, b INT);
# +CREATE TABLE t2 (c INT, d INT);
# +INSERT INTO t1 SELECT i, 1000 * random() FROM generate_series(1,10000) s(i);
# +INSERT INTO t2 SELECT i, 1000 * random() FROM generate_series(1,10000) s(i);
# +VACUUM ANALYZE t1;
# +VACUUM ANALYZE t2;
# +LOAD 'gjoin';
# +SET gjoin.enabled = true;
# +EXPLAIN (VERBOSE, COSTS OFF, BUFFERS OFF) SELECT * FROM t1 JOIN t2 ON (t1.A = t2.C);
# +            QUERY PLAN            
# +----------------------------------
# + Custom Join (GJoin) Join
# +   Output: t1.a, t1.b, t2.c, t2.d
# +   Join Clause: (t1.a = t2.c)
# +   ->  Seq Scan on public.t1
# +         Output: t1.a, t1.b
# +   ->  Seq Scan on public.t2
# +         Output: t2.c, t2.d
# +(7 rows)
# +
# +EXPLAIN (ANALYZE, VERBOSE, COSTS OFF, TIMING OFF, BUFFERS OFF, SUMMARY OFF) SELECT * FROM t1 JOIN t2 ON (t1.a = t2.c);
# +                         QUERY PLAN                         
# +------------------------------------------------------------
# + Custom Join (GJoin) Join (actual rows=10000.00 loops=1)
# +   Output: t1.a, t1.b, t2.c, t2.d
# +   Join Clause: (t1.a = t2.c)
# +   ->  Seq Scan on public.t1 (actual rows=10000.00 loops=1)
# +         Output: t1.a, t1.b
# +   ->  Seq Scan on public.t2 (actual rows=10000.00 loops=1)
# +         Output: t2.c, t2.d
# +(7 rows)
# +
# +EXPLAIN (VERBOSE, ANALYZE, COSTS OFF, TIMING OFF, BUFFERS OFF, SUMMARY OFF) SELECT * FROM t1 JOIN t2 ON (t1.a = t2.c) LIMIT 100;
# +                            QUERY PLAN                            
# +------------------------------------------------------------------
# + Limit (actual rows=100.00 loops=1)
# +   Output: t1.a, t1.b, t2.c, t2.d
# +   ->  Custom Join (GJoin) Join (actual rows=100.00 loops=1)
# +         Output: t1.a, t1.b, t2.c, t2.d
# +         Join Clause: (t1.a = t2.c)
# +         ->  Seq Scan on public.t1 (actual rows=10000.00 loops=1)
# +               Output: t1.a, t1.b
# +         ->  Seq Scan on public.t2 (actual rows=10000.00 loops=1)
# +               Output: t2.c, t2.d
# +(9 rows)
# +
# +EXPLAIN (VERBOSE, ANALYZE, COSTS OFF, TIMING OFF, BUFFERS OFF, SUMMARY OFF) SELECT * FROM t1 JOIN t2 ON (t1.a = t2.c) LIMIT 200;
# +                            QUERY PLAN                            
# +------------------------------------------------------------------
# + Limit (actual rows=200.00 loops=1)
# +   Output: t1.a, t1.b, t2.c, t2.d
# +   ->  Custom Join (GJoin) Join (actual rows=200.00 loops=1)
# +         Output: t1.a, t1.b, t2.c, t2.d
# +         Join Clause: (t1.a = t2.c)
# +         ->  Seq Scan on public.t1 (actual rows=10000.00 loops=1)
# +               Output: t1.a, t1.b
# +         ->  Seq Scan on public.t2 (actual rows=10000.00 loops=1)
# +               Output: t2.c, t2.d
# +(9 rows)
# +
# +EXPLAIN (VERBOSE, ANALYZE, COSTS OFF, TIMING OFF, BUFFERS OFF, SUMMARY OFF) SELECT * FROM t1 JOIN t2 ON (t1.a = t2.c) LIMIT 500;
# +                            QUERY PLAN                            
# +------------------------------------------------------------------
# + Limit (actual rows=500.00 loops=1)
# +   Output: t1.a, t1.b, t2.c, t2.d
# +   ->  Custom Join (GJoin) Join (actual rows=500.00 loops=1)
# +         Output: t1.a, t1.b, t2.c, t2.d
# +         Join Clause: (t1.a = t2.c)
# +         ->  Seq Scan on public.t1 (actual rows=10000.00 loops=1)
# +               Output: t1.a, t1.b
# +         ->  Seq Scan on public.t2 (actual rows=10000.00 loops=1)
# +               Output: t2.c, t2.d
# +(9 rows)
# +
# +EXPLAIN (VERBOSE, ANALYZE, COSTS OFF, TIMING OFF, BUFFERS OFF, SUMMARY OFF) SELECT * FROM t1 JOIN t2 ON (t1.a = t2.c) LIMIT 1000;
# +                            QUERY PLAN                            
# (diff output truncated and silencing output for further failing tests...)
not ok 1     - basic                                     353 ms
# (diff output truncated and silencing output for further failing tests...)
not ok 2     - compare                                  1600 ms
1..2
# 2 of 2 tests failed.
# The differences that caused some tests to fail can be viewed in the file "/home/user/work/postgres/contrib/gjoin/regression.diffs".
# A copy of the test summary that you see above is saved in the file "/home/user/work/postgres/contrib/gjoin/regression.out".
